// Jest Snapshot v1, https://goo.gl/fbAQLP

exports[`1 Default render 1`] = `
<div>
  <h2
    class="MuiTypography-root MuiTypography-h6 MuiDialogTitle-root css-bdhsul-MuiTypography-root-MuiDialogTitle-root"
  >
    Confirmation
    <button
      aria-label="close"
      class="MuiButtonBase-root MuiIconButton-root MuiIconButton-sizeMedium css-lc2yqr-MuiButtonBase-root-MuiIconButton-root"
      tabindex="0"
      type="button"
    >
      <svg
        aria-hidden="true"
        class="MuiSvgIcon-root MuiSvgIcon-fontSizeMedium css-i4bv87-MuiSvgIcon-root"
        data-testid="CloseIcon"
        focusable="false"
        viewBox="0 0 24 24"
      >
        <path
          d="M19 6.41 17.59 5 12 10.59 6.41 5 5 6.41 10.59 12 5 17.59 6.41 19 12 13.41 17.59 19 19 17.59 13.41 12z"
        />
      </svg>
      <span
        class="MuiTouchRipple-root css-8je8zh-MuiTouchRipple-root"
      />
    </button>
  </h2>
  <div
    class="MuiDialogContent-root css-ypiqx9-MuiDialogContent-root"
  >
    <p
      class="MuiTypography-root MuiDialogContentText-root MuiTypography-body1 css-qfso29-MuiTypography-root-MuiDialogContentText-root"
    >
      Are you sure?
    </p>
  </div>
  <div
    class="MuiDialogActions-root MuiDialogActions-spacing css-hlj6pa-MuiDialogActions-root"
  >
    <button
      class="MuiButtonBase-root MuiButton-root MuiButton-text MuiButton-textPrimary MuiButton-sizeMedium MuiButton-textSizeMedium css-1e6y48t-MuiButtonBase-root-MuiButton-root"
      tabindex="0"
      type="button"
    >
      Cancel
      <span
        class="MuiTouchRipple-root css-8je8zh-MuiTouchRipple-root"
      />
    </button>
    <button
      class="MuiButtonBase-root MuiButton-root MuiButton-text MuiButton-textPrimary MuiButton-sizeMedium MuiButton-textSizeMedium css-1e6y48t-MuiButtonBase-root-MuiButton-root"
      tabindex="0"
      type="button"
    >
      Confirm
      <span
        class="MuiTouchRipple-root css-8je8zh-MuiTouchRipple-root"
      />
    </button>
  </div>
</div>
`;
